#-----------------------------------------------------------
# Vivado v2023.2 (64-bit)
# SW Build 4029153 on Fri Oct 13 20:14:34 MDT 2023
# IP Build 4028589 on Sat Oct 14 00:45:43 MDT 2023
# SharedData Build 4025554 on Tue Oct 10 17:18:54 MDT 2023
# Start of session at: Thu Mar  7 16:40:10 2024
# Process ID: 30044
# Current directory: C:/2023/HDLGenTop/testFeb24/hdlgenFeb24/HDLGen-ChatGPT/User_Projects/RISCV/RISCV_ALU/Verilog/AMDprj
# Command line: vivado.exe -gui_launcher_event rodinguilauncherevent26744 C:\2023\HDLGenTop\testFeb24\hdlgenFeb24\HDLGen-ChatGPT\User_Projects\RISCV\RISCV_ALU\Verilog\AMDprj\RISCV_ALU.xpr
# Log file: C:/2023/HDLGenTop/testFeb24/hdlgenFeb24/HDLGen-ChatGPT/User_Projects/RISCV/RISCV_ALU/Verilog/AMDprj/vivado.log
# Journal file: C:/2023/HDLGenTop/testFeb24/hdlgenFeb24/HDLGen-ChatGPT/User_Projects/RISCV/RISCV_ALU/Verilog/AMDprj\vivado.jou
# Running On: DESKTOP-N7GT3RK, OS: Windows, CPU Frequency: 2496 MHz, CPU Physical cores: 10, Host memory: 34029 MB
#-----------------------------------------------------------
start_gui
open_project C:/2023/HDLGenTop/testFeb24/hdlgenFeb24/HDLGen-ChatGPT/User_Projects/RISCV/RISCV_ALU/Verilog/AMDprj/RISCV_ALU.xpr
update_compile_order -fileset sources_1
