#-----------------------------------------------------------
# Vivado v2023.2 (64-bit)
# SW Build 4029153 on Fri Oct 13 20:14:34 MDT 2023
# IP Build 4028589 on Sat Oct 14 00:45:43 MDT 2023
# SharedData Build 4025554 on Tue Oct 10 17:18:54 MDT 2023
# Start of session at: Tue Sep 24 13:20:57 2024
# Process ID: 19328
# Current directory: C:/repo/HDLGen-ChatGPT/User_Projects/RISCV_ALU/RISCV_ALU/Verilog/AMDprj/RISCV_ALU.runs/synth_1
# Command line: vivado.exe -log RISCV_ALU.vds -product Vivado -mode batch -messageDb vivado.pb -notrace -source RISCV_ALU.tcl
# Log file: C:/repo/HDLGen-ChatGPT/User_Projects/RISCV_ALU/RISCV_ALU/Verilog/AMDprj/RISCV_ALU.runs/synth_1/RISCV_ALU.vds
# Journal file: C:/repo/HDLGen-ChatGPT/User_Projects/RISCV_ALU/RISCV_ALU/Verilog/AMDprj/RISCV_ALU.runs/synth_1\vivado.jou
# Running On: DESKTOP-IJP443O, OS: Windows, CPU Frequency: 1996 MHz, CPU Physical cores: 8, Host memory: 16522 MB
#-----------------------------------------------------------
source RISCV_ALU.tcl -notrace
