#-----------------------------------------------------------
# Vivado v2023.2 (64-bit)
# SW Build 4029153 on Fri Oct 13 20:14:34 MDT 2023
# IP Build 4028589 on Sat Oct 14 00:45:43 MDT 2023
# SharedData Build 4025554 on Tue Oct 10 17:18:54 MDT 2023
# Start of session at: Wed May  8 16:02:11 2024
# Process ID: 12992
# Current directory: C:/videodemo/FiniteStateMachines_FSMs/singleShot/VHDL/AMDprj/singleShot.runs/singleShot_bd_clk_0_synth_1
# Command line: vivado.exe -log singleShot_bd_clk_0.vds -product Vivado -mode batch -messageDb vivado.pb -notrace -source singleShot_bd_clk_0.tcl
# Log file: C:/videodemo/FiniteStateMachines_FSMs/singleShot/VHDL/AMDprj/singleShot.runs/singleShot_bd_clk_0_synth_1/singleShot_bd_clk_0.vds
# Journal file: C:/videodemo/FiniteStateMachines_FSMs/singleShot/VHDL/AMDprj/singleShot.runs/singleShot_bd_clk_0_synth_1\vivado.jou
# Running On: DESKTOP-FC0OD32, OS: Windows, CPU Frequency: 1800 MHz, CPU Physical cores: 4, Host memory: 12689 MB
#-----------------------------------------------------------
source singleShot_bd_clk_0.tcl -notrace
