#-----------------------------------------------------------
# Vivado v2023.2 (64-bit)
# SW Build 4029153 on Fri Oct 13 20:14:34 MDT 2023
# IP Build 4028589 on Sat Oct 14 00:45:43 MDT 2023
# SharedData Build 4025554 on Tue Oct 10 17:18:54 MDT 2023
# Start of session at: Wed May  8 16:43:59 2024
# Process ID: 2200
# Current directory: C:/videodemo/FiniteStateMachines_FSMs/singleShot/VHDL/AMDprj
# Command line: vivado.exe -gui_launcher_event rodinguilauncherevent6792 C:\videodemo\FiniteStateMachines_FSMs\singleShot\VHDL\AMDprj\singleShot.xpr
# Log file: C:/videodemo/FiniteStateMachines_FSMs/singleShot/VHDL/AMDprj/vivado.log
# Journal file: C:/videodemo/FiniteStateMachines_FSMs/singleShot/VHDL/AMDprj\vivado.jou
# Running On: DESKTOP-FC0OD32, OS: Windows, CPU Frequency: 1800 MHz, CPU Physical cores: 4, Host memory: 12689 MB
#-----------------------------------------------------------
start_gui
open_project C:/videodemo/FiniteStateMachines_FSMs/singleShot/VHDL/AMDprj/singleShot.xpr
open_bd_design {C:/videodemo/FiniteStateMachines_FSMs/singleShot/VHDL/AMDprj/singleShot.srcs/sources_1/bd/singleShot_bd/singleShot_bd.bd}
update_compile_order -fileset sources_1
