#-----------------------------------------------------------
# Vivado v2023.2 (64-bit)
# SW Build 4029153 on Fri Oct 13 20:14:34 MDT 2023
# IP Build 4028589 on Sat Oct 14 00:45:43 MDT 2023
# SharedData Build 4025554 on Tue Oct 10 17:18:54 MDT 2023
# Start of session at: Wed May  8 12:03:31 2024
# Process ID: 5716
# Current directory: C:/videodemo/HDLGen-ChatGPT/User_Projects/Mux2_1/Verilog/AMDprj/Mux2_1.runs/Mux2_1_bd_processing_system7_0_0_synth_1
# Command line: vivado.exe -log Mux2_1_bd_processing_system7_0_0.vds -product Vivado -mode batch -messageDb vivado.pb -notrace -source Mux2_1_bd_processing_system7_0_0.tcl
# Log file: C:/videodemo/HDLGen-ChatGPT/User_Projects/Mux2_1/Verilog/AMDprj/Mux2_1.runs/Mux2_1_bd_processing_system7_0_0_synth_1/Mux2_1_bd_processing_system7_0_0.vds
# Journal file: C:/videodemo/HDLGen-ChatGPT/User_Projects/Mux2_1/Verilog/AMDprj/Mux2_1.runs/Mux2_1_bd_processing_system7_0_0_synth_1\vivado.jou
# Running On: DESKTOP-FC0OD32, OS: Windows, CPU Frequency: 1800 MHz, CPU Physical cores: 4, Host memory: 12689 MB
#-----------------------------------------------------------
source Mux2_1_bd_processing_system7_0_0.tcl -notrace
